******************************************************************************
             TMS320C2000 Linker PC v16.9.6                     
******************************************************************************
>> Linked Mon Jun 13 16:53:51 2022

OUTPUT FILE NAME:   <HVACI_Scalar_2833x.out>
ENTRY POINT SYMBOL: "_c_int00"  address: 00009c17


MEMORY CONFIGURATION

         name            origin    length      used     unused   attr    fill
----------------------  --------  ---------  --------  --------  ----  --------
PAGE 0:
  BEGIN                 00000000   00000002  00000000  00000002  RWIX
  BOOT_RSVD             00000002   0000004e  00000000  0000004e  RWIX
  RAMM0                 00000050   000003b0  00000000  000003b0  RWIX
  RAML0                 00008000   00001000  0000014c  00000eb4  RWIX
  RAML1                 00009000   00001800  00000d3d  00000ac3  RWIX
  RAML2                 0000b000   00001000  00000000  00001000  RWIX
  RAML3                 0000c000   00001000  00000000  00001000  RWIX
  ZONE7A                00200000   0000fc00  00000000  0000fc00  RWIX
  CSM_RSVD              0033ff80   00000076  00000000  00000076  RWIX
  CSM_PWL               0033fff8   00000008  00000000  00000008  RWIX
  ADC_CAL               00380080   00000009  00000007  00000002  RWIX
  IQTABLES              003fe000   00000b50  00000000  00000b50  RWIX
  IQTABLES2             003feb50   0000008c  00000000  0000008c  RWIX
  FPUTABLES             003febdc   000006a0  00000000  000006a0  RWIX
  BOOTROM               003ff27c   00000d44  00000000  00000d44  RWIX
  RESET                 003fffc0   00000002  00000000  00000002  RWIX

PAGE 1:
  RAMM1                 00000400   00000400  00000380  00000080  RWIX
  DEV_EMU               00000880   00000180  000000d0  000000b0  RWIX
  FLASH_REGS            00000a80   00000060  00000008  00000058  RWIX
  CSM                   00000ae0   00000010  00000010  00000000  RWIX
  ADC_MIRROR            00000b00   00000010  00000010  00000000  RWIX
  XINTF                 00000b20   00000020  0000001e  00000002  RWIX
  CPU_TIMER0            00000c00   00000008  00000008  00000000  RWIX
  CPU_TIMER1            00000c08   00000008  00000008  00000000  RWIX
  CPU_TIMER2            00000c10   00000008  00000008  00000000  RWIX
  PIE_CTRL              00000ce0   00000020  0000001a  00000006  RWIX
  PIE_VECT              00000d00   00000100  00000100  00000000  RWIX
  DMA                   00001000   00000200  000000e0  00000120  RWIX
  MCBSPA                00005000   00000040  00000025  0000001b  RWIX
  MCBSPB                00005040   00000040  00000025  0000001b  RWIX
  ECANA                 00006000   00000040  00000034  0000000c  RWIX
  ECANA_LAM             00006040   00000040  00000040  00000000  RWIX
  ECANA_MOTS            00006080   00000040  00000040  00000000  RWIX
  ECANA_MOTO            000060c0   00000040  00000040  00000000  RWIX
  ECANA_MBOX            00006100   00000100  00000100  00000000  RWIX
  ECANB                 00006200   00000040  00000034  0000000c  RWIX
  ECANB_LAM             00006240   00000040  00000040  00000000  RWIX
  ECANB_MOTS            00006280   00000040  00000040  00000000  RWIX
  ECANB_MOTO            000062c0   00000040  00000040  00000000  RWIX
  ECANB_MBOX            00006300   00000100  00000100  00000000  RWIX
  EPWM1                 00006800   00000022  00000022  00000000  RWIX
  EPWM2                 00006840   00000022  00000022  00000000  RWIX
  EPWM3                 00006880   00000022  00000022  00000000  RWIX
  EPWM4                 000068c0   00000022  00000022  00000000  RWIX
  EPWM5                 00006900   00000022  00000022  00000000  RWIX
  EPWM6                 00006940   00000022  00000022  00000000  RWIX
  ECAP1                 00006a00   00000020  00000020  00000000  RWIX
  ECAP2                 00006a20   00000020  00000020  00000000  RWIX
  ECAP3                 00006a40   00000020  00000020  00000000  RWIX
  ECAP4                 00006a60   00000020  00000020  00000000  RWIX
  ECAP5                 00006a80   00000020  00000020  00000000  RWIX
  ECAP6                 00006aa0   00000020  00000020  00000000  RWIX
  EQEP1                 00006b00   00000040  00000040  00000000  RWIX
  EQEP2                 00006b40   00000040  00000040  00000000  RWIX
  GPIOCTRL              00006f80   00000040  0000002e  00000012  RWIX
  GPIODAT               00006fc0   00000020  00000020  00000000  RWIX
  GPIOINT               00006fe0   00000020  0000000a  00000016  RWIX
  SYSTEM                00007010   00000020  00000020  00000000  RWIX
  SPIA                  00007040   00000010  00000010  00000000  RWIX
  SCIA                  00007050   00000010  00000010  00000000  RWIX
  XINTRUPT              00007070   00000010  00000010  00000000  RWIX
  ADC                   00007100   00000020  0000001e  00000002  RWIX
  SCIB                  00007750   00000010  00000010  00000000  RWIX
  SCIC                  00007770   00000010  00000010  00000000  RWIX
  I2CA                  00007900   00000040  00000022  0000001e  RWIX
  RAML4                 0000c000   00001000  000000ca  00000f36  RWIX
  RAML5                 0000d000   00001000  00000044  00000fbc  RWIX
  RAML6                 0000e000   00001000  00000000  00001000  RWIX
  RAML7                 0000f000   00001000  00000000  00001000  RWIX
  ZONE7B                0020fc00   00000400  00000000  00000400  RWIX
  CSM_PWL               0033fff8   00000008  00000008  00000000  RWIX
  PARTID                00380090   00000001  00000001  00000000  RWIX


SECTION ALLOCATION MAP

 output                                  attributes/
section   page    origin      length       input sections
--------  ----  ----------  ----------   ----------------
.cinit     0    00008000    00000148     
                  00008000    0000012a     HVACI_Scalar.obj (.cinit)
                  0000812a    0000000e     rts2800_fpu32.lib : exit.obj (.cinit)
                  00008138    00000005                       : _lock.obj (.cinit:__lock)
                  0000813d    00000005                       : _lock.obj (.cinit:__unlock)
                  00008142    00000004                       : errno.obj (.cinit)
                  00008146    00000002     --HOLE-- [fill = 0]

ramfuncs   0    00008148    00000004     
                  00008148    00000004     DSP2833x_usDelay.obj (ramfuncs)

.text      0    00009000    00000d3d     
                  00009000    0000049f     HVACI_Scalar.obj (.text)
                  0000949f    00000380     rts2800_fpu32.lib : e_powf.obj (.text)
                  0000981f    000001a8     HVACI_Scalar-DevInit_F2833x.obj (.text)
                  000099c7    000000ad     HVACI_Scalar.obj (.text:retain)
                  00009a74    00000088     rts2800_fpu32.lib : fs_div28.obj (.text)
                  00009afc    00000062                       : s_scalbnf.obj (.text)
                  00009b5e    00000061                       : s_cosf.obj (.text)
                  00009bbf    00000058                       : s_sinf.obj (.text)
                  00009c17    00000056                       : boot28.obj (.text)
                  00009c6d    00000029                       : exit.obj (.text)
                  00009c96    00000025                       : e_sqrtf.obj (.text)
                  00009cbb    00000024                       : cpy_tbl.obj (.text)
                  00009cdf    0000001e                       : memcpy.obj (.text)
                  00009cfd    00000019                       : args_main.obj (.text)
                  00009d16    00000011                       : s_copysignf.obj (.text)
                  00009d27    0000000a     HVACI_Scalar-DevInit_F2833x.obj (.text:retain)
                  00009d31    00000009     rts2800_fpu32.lib : _lock.obj (.text)
                  00009d3a    00000002                       : pre_init.obj (.text)
                  00009d3c    00000001                       : startup.obj (.text)

.adc_cal   0    00380080    00000007     NOLOAD SECTION
                  00380080    00000007     DSP2833x_ADC_cal.obj (.adc_cal)

.stack     1    00000400    00000380     UNINITIALIZED
                  00000400    00000380     --HOLE--

DevEmuRegsFile 
*          1    00000880    000000d0     UNINITIALIZED
                  00000880    000000d0     DSP2833x_GlobalVariableDefs.obj (DevEmuRegsFile)

FlashRegsFile 
*          1    00000a80    00000008     UNINITIALIZED
                  00000a80    00000008     DSP2833x_GlobalVariableDefs.obj (FlashRegsFile)

CsmRegsFile 
*          1    00000ae0    00000010     UNINITIALIZED
                  00000ae0    00000010     DSP2833x_GlobalVariableDefs.obj (CsmRegsFile)

AdcMirrorFile 
*          1    00000b00    00000010     UNINITIALIZED
                  00000b00    00000010     DSP2833x_GlobalVariableDefs.obj (AdcMirrorFile)

XintfRegsFile 
*          1    00000b20    0000001e     UNINITIALIZED
                  00000b20    0000001e     DSP2833x_GlobalVariableDefs.obj (XintfRegsFile)

CpuTimer0RegsFile 
*          1    00000c00    00000008     UNINITIALIZED
                  00000c00    00000008     DSP2833x_GlobalVariableDefs.obj (CpuTimer0RegsFile)

CpuTimer1RegsFile 
*          1    00000c08    00000008     UNINITIALIZED
                  00000c08    00000008     DSP2833x_GlobalVariableDefs.obj (CpuTimer1RegsFile)

CpuTimer2RegsFile 
*          1    00000c10    00000008     UNINITIALIZED
                  00000c10    00000008     DSP2833x_GlobalVariableDefs.obj (CpuTimer2RegsFile)

PieCtrlRegsFile 
*          1    00000ce0    0000001a     UNINITIALIZED
                  00000ce0    0000001a     DSP2833x_GlobalVariableDefs.obj (PieCtrlRegsFile)

PieVectTableFile 
*          1    00000d00    00000100     UNINITIALIZED
                  00000d00    00000100     DSP2833x_GlobalVariableDefs.obj (PieVectTableFile)

DmaRegsFile 
*          1    00001000    000000e0     UNINITIALIZED
                  00001000    000000e0     DSP2833x_GlobalVariableDefs.obj (DmaRegsFile)

McbspaRegsFile 
*          1    00005000    00000025     UNINITIALIZED
                  00005000    00000025     DSP2833x_GlobalVariableDefs.obj (McbspaRegsFile)

McbspbRegsFile 
*          1    00005040    00000025     UNINITIALIZED
                  00005040    00000025     DSP2833x_GlobalVariableDefs.obj (McbspbRegsFile)

ECanaRegsFile 
*          1    00006000    00000034     UNINITIALIZED
                  00006000    00000034     DSP2833x_GlobalVariableDefs.obj (ECanaRegsFile)

ECanaLAMRegsFile 
*          1    00006040    00000040     UNINITIALIZED
                  00006040    00000040     DSP2833x_GlobalVariableDefs.obj (ECanaLAMRegsFile)

ECanaMOTSRegsFile 
*          1    00006080    00000040     UNINITIALIZED
                  00006080    00000040     DSP2833x_GlobalVariableDefs.obj (ECanaMOTSRegsFile)

ECanaMOTORegsFile 
*          1    000060c0    00000040     UNINITIALIZED
                  000060c0    00000040     DSP2833x_GlobalVariableDefs.obj (ECanaMOTORegsFile)

ECanaMboxesFile 
*          1    00006100    00000100     UNINITIALIZED
                  00006100    00000100     DSP2833x_GlobalVariableDefs.obj (ECanaMboxesFile)

ECanbRegsFile 
*          1    00006200    00000034     UNINITIALIZED
                  00006200    00000034     DSP2833x_GlobalVariableDefs.obj (ECanbRegsFile)

ECanbLAMRegsFile 
*          1    00006240    00000040     UNINITIALIZED
                  00006240    00000040     DSP2833x_GlobalVariableDefs.obj (ECanbLAMRegsFile)

ECanbMOTSRegsFile 
*          1    00006280    00000040     UNINITIALIZED
                  00006280    00000040     DSP2833x_GlobalVariableDefs.obj (ECanbMOTSRegsFile)

ECanbMOTORegsFile 
*          1    000062c0    00000040     UNINITIALIZED
                  000062c0    00000040     DSP2833x_GlobalVariableDefs.obj (ECanbMOTORegsFile)

ECanbMboxesFile 
*          1    00006300    00000100     UNINITIALIZED
                  00006300    00000100     DSP2833x_GlobalVariableDefs.obj (ECanbMboxesFile)

EPwm1RegsFile 
*          1    00006800    00000022     UNINITIALIZED
                  00006800    00000022     DSP2833x_GlobalVariableDefs.obj (EPwm1RegsFile)

EPwm2RegsFile 
*          1    00006840    00000022     UNINITIALIZED
                  00006840    00000022     DSP2833x_GlobalVariableDefs.obj (EPwm2RegsFile)

EPwm3RegsFile 
*          1    00006880    00000022     UNINITIALIZED
                  00006880    00000022     DSP2833x_GlobalVariableDefs.obj (EPwm3RegsFile)

EPwm4RegsFile 
*          1    000068c0    00000022     UNINITIALIZED
                  000068c0    00000022     DSP2833x_GlobalVariableDefs.obj (EPwm4RegsFile)

EPwm5RegsFile 
*          1    00006900    00000022     UNINITIALIZED
                  00006900    00000022     DSP2833x_GlobalVariableDefs.obj (EPwm5RegsFile)

EPwm6RegsFile 
*          1    00006940    00000022     UNINITIALIZED
                  00006940    00000022     DSP2833x_GlobalVariableDefs.obj (EPwm6RegsFile)

ECap1RegsFile 
*          1    00006a00    00000020     UNINITIALIZED
                  00006a00    00000020     DSP2833x_GlobalVariableDefs.obj (ECap1RegsFile)

ECap2RegsFile 
*          1    00006a20    00000020     UNINITIALIZED
                  00006a20    00000020     DSP2833x_GlobalVariableDefs.obj (ECap2RegsFile)

ECap3RegsFile 
*          1    00006a40    00000020     UNINITIALIZED
                  00006a40    00000020     DSP2833x_GlobalVariableDefs.obj (ECap3RegsFile)

ECap4RegsFile 
*          1    00006a60    00000020     UNINITIALIZED
                  00006a60    00000020     DSP2833x_GlobalVariableDefs.obj (ECap4RegsFile)

ECap5RegsFile 
*          1    00006a80    00000020     UNINITIALIZED
                  00006a80    00000020     DSP2833x_GlobalVariableDefs.obj (ECap5RegsFile)

ECap6RegsFile 
*          1    00006aa0    00000020     UNINITIALIZED
                  00006aa0    00000020     DSP2833x_GlobalVariableDefs.obj (ECap6RegsFile)

EQep1RegsFile 
*          1    00006b00    00000040     UNINITIALIZED
                  00006b00    00000040     DSP2833x_GlobalVariableDefs.obj (EQep1RegsFile)

EQep2RegsFile 
*          1    00006b40    00000040     UNINITIALIZED
                  00006b40    00000040     DSP2833x_GlobalVariableDefs.obj (EQep2RegsFile)

GpioCtrlRegsFile 
*          1    00006f80    0000002e     UNINITIALIZED
                  00006f80    0000002e     DSP2833x_GlobalVariableDefs.obj (GpioCtrlRegsFile)

GpioDataRegsFile 
*          1    00006fc0    00000020     UNINITIALIZED
                  00006fc0    00000020     DSP2833x_GlobalVariableDefs.obj (GpioDataRegsFile)

GpioIntRegsFile 
*          1    00006fe0    0000000a     UNINITIALIZED
                  00006fe0    0000000a     DSP2833x_GlobalVariableDefs.obj (GpioIntRegsFile)

SysCtrlRegsFile 
*          1    00007010    00000020     UNINITIALIZED
                  00007010    00000020     DSP2833x_GlobalVariableDefs.obj (SysCtrlRegsFile)

SpiaRegsFile 
*          1    00007040    00000010     UNINITIALIZED
                  00007040    00000010     DSP2833x_GlobalVariableDefs.obj (SpiaRegsFile)

SciaRegsFile 
*          1    00007050    00000010     UNINITIALIZED
                  00007050    00000010     DSP2833x_GlobalVariableDefs.obj (SciaRegsFile)

XIntruptRegsFile 
*          1    00007070    00000010     UNINITIALIZED
                  00007070    00000010     DSP2833x_GlobalVariableDefs.obj (XIntruptRegsFile)

AdcRegsFile 
*          1    00007100    0000001e     UNINITIALIZED
                  00007100    0000001e     DSP2833x_GlobalVariableDefs.obj (AdcRegsFile)

ScibRegsFile 
*          1    00007750    00000010     UNINITIALIZED
                  00007750    00000010     DSP2833x_GlobalVariableDefs.obj (ScibRegsFile)

ScicRegsFile 
*          1    00007770    00000010     UNINITIALIZED
                  00007770    00000010     DSP2833x_GlobalVariableDefs.obj (ScicRegsFile)

I2caRegsFile 
*          1    00007900    00000022     UNINITIALIZED
                  00007900    00000022     DSP2833x_GlobalVariableDefs.obj (I2caRegsFile)

.ebss      1    0000c000    000000ca     UNINITIALIZED
                  0000c000    000000bf     HVACI_Scalar.obj (.ebss)
                  0000c0bf    00000001     rts2800_fpu32.lib : errno.obj (.ebss)
                  0000c0c0    00000006                       : exit.obj (.ebss)
                  0000c0c6    00000002                       : _lock.obj (.ebss:__lock)
                  0000c0c8    00000002                       : _lock.obj (.ebss:__unlock)

.econst    1    0000d000    00000044     
                  0000d000    00000032     rts2800_fpu32.lib : e_powf.obj (.econst)
                  0000d032    00000006                       : s_scalbnf.obj (.econst)
                  0000d038    00000004                       : e_powf.obj (.econst:_bp)
                  0000d03c    00000004                       : e_powf.obj (.econst:_dp_h)
                  0000d040    00000004                       : e_powf.obj (.econst:_dp_l)

CsmPwlFile 
*          1    0033fff8    00000008     UNINITIALIZED
                  0033fff8    00000008     DSP2833x_GlobalVariableDefs.obj (CsmPwlFile)

PartIdRegsFile 
*          1    00380090    00000001     UNINITIALIZED
                  00380090    00000001     DSP2833x_GlobalVariableDefs.obj (PartIdRegsFile)

.pinit     0    00008000    00000000     UNINITIALIZED

.reset     0    003fffc0    00000002     DSECT
                  003fffc0    00000002     rts2800_fpu32.lib : boot28.obj (.reset)

csm_rsvd   0    0033ff80    00000000     DSECT

csmpasswds 
*          0    0033fff8    00000000     DSECT

MODULE SUMMARY

       Module                            code   initialized data   uninitialized data
       ------                            ----   ----------------   ------------------
    .\
       DSP2833x_GlobalVariableDefs.obj   0      0                  2679              
       HVACI_Scalar.obj                  1356   298                191               
       HVACI_Scalar-DevInit_F2833x.obj   434    0                  0                 
       DSP2833x_ADC_cal.obj              7      0                  0                 
       DSP2833x_usDelay.obj              4      0                  0                 
    +--+---------------------------------+------+------------------+--------------------+
       Total:                            1801   298                2870              
                                                                                     
    C:/ti/ccsv7/tools/compiler/ti-cgt-c2000_16.9.6.LTS/lib/rts2800_fpu32.lib
       e_powf.obj                        896    62                 0                 
       fs_div28.obj                      136    0                  0                 
       s_scalbnf.obj                     98     6                  0                 
       s_cosf.obj                        97     0                  0                 
       s_sinf.obj                        88     0                  0                 
       boot28.obj                        86     0                  0                 
       exit.obj                          41     14                 6                 
       e_sqrtf.obj                       37     0                  0                 
       cpy_tbl.obj                       36     0                  0                 
       memcpy.obj                        30     0                  0                 
       args_main.obj                     25     0                  0                 
       _lock.obj                         9      10                 4                 
       s_copysignf.obj                   17     0                  0                 
       errno.obj                         0      4                  1                 
       pre_init.obj                      2      0                  0                 
       startup.obj                       1      0                  0                 
    +--+---------------------------------+------+------------------+--------------------+
       Total:                            1599   96                 11                
                                                                                     
       Stack:                            0      0                  896               
    +--+---------------------------------+------+------------------+--------------------+
       Grand Total:                      3400   394                3777              


GLOBAL DATA SYMBOLS: SORTED BY DATA PAGE

address     data page           name
--------    ----------------    ----
00000400      10 (00000400)     __stack

00000880      22 (00000880)     _DevEmuRegs

00000a80      2a (00000a80)     _FlashRegs

00000ae0      2b (00000ac0)     _CsmRegs

00000b00      2c (00000b00)     _AdcMirror
00000b20      2c (00000b00)     _XintfRegs

00000c00      30 (00000c00)     _CpuTimer0Regs
00000c08      30 (00000c00)     _CpuTimer1Regs
00000c10      30 (00000c00)     _CpuTimer2Regs

00000ce0      33 (00000cc0)     _PieCtrlRegs

00000d00      34 (00000d00)     _PieVectTable

00001000      40 (00001000)     _DmaRegs

00005000     140 (00005000)     _McbspaRegs

00005040     141 (00005040)     _McbspbRegs

00006000     180 (00006000)     _ECanaRegs

00006040     181 (00006040)     _ECanaLAMRegs

00006080     182 (00006080)     _ECanaMOTSRegs

000060c0     183 (000060c0)     _ECanaMOTORegs

00006100     184 (00006100)     _ECanaMboxes

00006200     188 (00006200)     _ECanbRegs

00006240     189 (00006240)     _ECanbLAMRegs

00006280     18a (00006280)     _ECanbMOTSRegs

000062c0     18b (000062c0)     _ECanbMOTORegs

00006300     18c (00006300)     _ECanbMboxes

00006800     1a0 (00006800)     _EPwm1Regs

00006840     1a1 (00006840)     _EPwm2Regs

00006880     1a2 (00006880)     _EPwm3Regs

000068c0     1a3 (000068c0)     _EPwm4Regs

00006900     1a4 (00006900)     _EPwm5Regs

00006940     1a5 (00006940)     _EPwm6Regs

00006a00     1a8 (00006a00)     _ECap1Regs
00006a20     1a8 (00006a00)     _ECap2Regs

00006a40     1a9 (00006a40)     _ECap3Regs
00006a60     1a9 (00006a40)     _ECap4Regs

00006a80     1aa (00006a80)     _ECap5Regs
00006aa0     1aa (00006a80)     _ECap6Regs

00006b00     1ac (00006b00)     _EQep1Regs

00006b40     1ad (00006b40)     _EQep2Regs

00006f80     1be (00006f80)     _GpioCtrlRegs

00006fc0     1bf (00006fc0)     _GpioDataRegs
00006fe0     1bf (00006fc0)     _GpioIntRegs

00007010     1c0 (00007000)     _SysCtrlRegs

00007040     1c1 (00007040)     _SpiaRegs
00007050     1c1 (00007040)     _SciaRegs
00007070     1c1 (00007040)     _XIntruptRegs

00007100     1c4 (00007100)     _AdcRegs

00007750     1dd (00007740)     _ScibRegs
00007770     1dd (00007740)     _ScicRegs

00007900     1e4 (00007900)     _I2caRegs

0000c000     300 (0000c000)     _BackTicker
0000c001     300 (0000c000)     _overcurrent
0000c002     300 (0000c000)     _EnableFlag
0000c003     300 (0000c000)     _TripFlagDMC
0000c004     300 (0000c000)     _stage
0000c006     300 (0000c000)     _test
0000c008     300 (0000c000)     _T
0000c00a     300 (0000c000)     _tiempoInterrupcion
0000c00c     300 (0000c000)     _freq
0000c00e     300 (0000c000)     _IsrTicker
0000c010     300 (0000c000)     _fondo_ADC_negativo
0000c012     300 (0000c000)     _NBITS
0000c014     300 (0000c000)     _fondo_ADC_positivo
0000c016     300 (0000c000)     _fondo_tension_negativo
0000c018     300 (0000c000)     _OFFSET
0000c01a     300 (0000c000)     _SpeedRef
0000c01c     300 (0000c000)     _KC
0000c01e     300 (0000c000)     _FREQFUNDAMENTAL
0000c020     300 (0000c000)     _tensionMax
0000c022     300 (0000c000)     _corrienteMax
0000c024     300 (0000c000)     _qCurrent
0000c026     300 (0000c000)     _qVoltage
0000c028     300 (0000c000)     _potenciaReal
0000c02a     300 (0000c000)     _vhz1
0000c02c     300 (0000c000)     _potencia
0000c02e     300 (0000c000)     _RAMPA
0000c030     300 (0000c000)     _integral
0000c032     300 (0000c000)     _PI_Num
0000c034     300 (0000c000)     _velocidad
0000c036     300 (0000c000)     _busVoltage
0000c038     300 (0000c000)     _potenciaTotal
0000c03a     300 (0000c000)     _RelacionVF
0000c03c     300 (0000c000)     _overcurrent_limit
0000c03e     300 (0000c000)     _Vmotor

0000c040     301 (0000c040)     _fondo_corriente_negativo
0000c042     301 (0000c040)     _fondo_tension_positivo
0000c044     301 (0000c040)     _fondo_corriente_positivo
0000c046     301 (0000c040)     _Vdc
0000c048     301 (0000c040)     _voltage
0000c04e     301 (0000c040)     _eQEP
0000c054     301 (0000c040)     _current
0000c05a     301 (0000c040)     _pwm1
0000c064     301 (0000c040)     _eCAP
0000c072     301 (0000c040)     _ePWM

0000c080     302 (0000c080)     _ADCCONV
0000c08f     302 (0000c080)     _TrigSel
0000c09f     302 (0000c080)     _ACQPS
0000c0af     302 (0000c080)     _ChSel
0000c0bf     302 (0000c080)     _errno

0000c0c0     303 (0000c0c0)     ___TI_enable_exit_profile_output
0000c0c2     303 (0000c0c0)     ___TI_cleanup_ptr
0000c0c4     303 (0000c0c0)     ___TI_dtors_ptr
0000c0c6     303 (0000c0c0)     __lock
0000c0c8     303 (0000c0c0)     __unlock

0033fff8    cfff (0033ffc0)     _CsmPwl

00380090    e002 (00380080)     _PartIdRegs


GLOBAL SYMBOLS: SORTED ALPHABETICALLY BY Name 

page  address   name                            
----  -------   ----                            
0     00009000  .text                           
0     00009c6d  C$$EXIT                         
0     00009a74  FS$$DIV                         
1     0000c09f  _ACQPS                          
1     0000c080  _ADCCONV                        
0     00380080  _ADC_cal                        
1     00000b00  _AdcMirror                      
1     00007100  _AdcRegs                        
1     0000c000  _BackTicker                     
0     00009440  _BackgroundLoop1                
1     0000c0af  _ChSel                          
0     000090d9  _ConfigInterrupts               
1     00000c00  _CpuTimer0Regs                  
1     00000c08  _CpuTimer1Regs                  
1     00000c10  _CpuTimer2Regs                  
1     0033fff8  _CsmPwl                         
1     00000ae0  _CsmRegs                        
0     00008148  _DSP28x_usDelay                 
1     00000880  _DevEmuRegs                     
0     0000981f  _DeviceInit                     
1     00001000  _DmaRegs                        
1     00006040  _ECanaLAMRegs                   
1     000060c0  _ECanaMOTORegs                  
1     00006080  _ECanaMOTSRegs                  
1     00006100  _ECanaMboxes                    
1     00006000  _ECanaRegs                      
1     00006240  _ECanbLAMRegs                   
1     000062c0  _ECanbMOTORegs                  
1     00006280  _ECanbMOTSRegs                  
1     00006300  _ECanbMboxes                    
1     00006200  _ECanbRegs                      
1     00006a00  _ECap1Regs                      
1     00006a20  _ECap2Regs                      
1     00006a40  _ECap3Regs                      
1     00006a60  _ECap4Regs                      
1     00006a80  _ECap5Regs                      
1     00006aa0  _ECap6Regs                      
1     00006800  _EPwm1Regs                      
1     00006840  _EPwm2Regs                      
1     00006880  _EPwm3Regs                      
1     000068c0  _EPwm4Regs                      
1     00006900  _EPwm5Regs                      
1     00006940  _EPwm6Regs                      
1     00006b00  _EQep1Regs                      
1     00006b40  _EQep2Regs                      
1     0000c002  _EnableFlag                     
1     0000c01e  _FREQFUNDAMENTAL                
1     00000a80  _FlashRegs                      
1     00006f80  _GpioCtrlRegs                   
1     00006fc0  _GpioDataRegs                   
1     00006fe0  _GpioIntRegs                    
0     00009459  _HVDMC_Protection               
1     00007900  _I2caRegs                       
0     00009d27  _ISR_ILLEGAL                    
0     00009098  _InitADC                        
0     0000901e  _InitPWM                        
1     0000c00e  _IsrTicker                      
1     0000c01c  _KC                             
0     000099c7  _MainISR                        
1     00005000  _McbspaRegs                     
1     00005040  _McbspbRegs                     
1     0000c012  _NBITS                          
1     0000c018  _OFFSET                         
1     0000c032  _PI_Num                         
0     00009966  _PLLset                         
1     00380090  _PartIdRegs                     
0     00009989  _PieCntlInit                    
1     00000ce0  _PieCtrlRegs                    
1     00000d00  _PieVectTable                   
0     000099a8  _PieVectTableInit               
1     0000c02e  _RAMPA                          
1     0000c03a  _RelacionVF                     
1     00007050  _SciaRegs                       
1     00007750  _ScibRegs                       
1     00007770  _ScicRegs                       
0     000092f8  _SinusoidalModulation           
1     0000c01a  _SpeedRef                       
1     00007040  _SpiaRegs                       
1     00007010  _SysCtrlRegs                    
1     0000c008  _T                              
1     0000c08f  _TrigSel                        
1     0000c003  _TripFlagDMC                    
1     0000c046  _Vdc                            
1     0000c03e  _Vmotor                         
0     0000995e  _WDogDisable                    
1     00007070  _XIntruptRegs                   
1     00000b20  _XintfRegs                      
1     00000780  __STACK_END                     
abs   00000380  __STACK_SIZE                    
1     0000c0c2  ___TI_cleanup_ptr               
1     0000c0c4  ___TI_dtors_ptr                 
1     0000c0c0  ___TI_enable_exit_profile_output
abs   ffffffff  ___TI_pprof_out_hndl            
abs   ffffffff  ___TI_prof_data_size            
abs   ffffffff  ___TI_prof_data_start           
abs   ffffffff  ___binit__                      
abs   ffffffff  ___c_args__                     
0     00008000  ___cinit__                      
0     00009d3d  ___etext__                      
abs   ffffffff  ___pinit__                      
0     00009000  ___text__                       
0     00009cfd  __args_main                     
1     0000c0c6  __lock                          
0     00009d39  __nop                           
0     00009d35  __register_lock                 
0     00009d31  __register_unlock               
1     00000400  __stack                         
0     00009d3c  __system_post_cinit             
0     00009d3a  __system_pre_init               
1     0000c0c8  __unlock                        
0     00009c6d  _abort                          
1     0000c036  _busVoltage                     
0     00009c17  _c_int00                        
0     00009cbb  _copy_in                        
0     00009d16  _copysign                       
0     00009d16  _copysignf                      
1     0000c022  _corrienteMax                   
0     00009b5e  _cos                            
0     00009b5e  _cosf                           
1     0000c054  _current                        
0     000093ec  _current_protection             
1     0000c064  _eCAP                           
1     0000c072  _ePWM                           
1     0000c04e  _eQEP                           
1     0000c0bf  _errno                          
0     00009c6f  _exit                           
1     0000c010  _fondo_ADC_negativo             
1     0000c014  _fondo_ADC_positivo             
1     0000c040  _fondo_corriente_negativo       
1     0000c044  _fondo_corriente_positivo       
1     0000c016  _fondo_tension_negativo         
1     0000c042  _fondo_tension_positivo         
1     0000c00c  _freq                           
0     000090f0  _initCustomVariables            
1     0000c030  _integral                       
0     00009afc  _ldexp                          
0     00009afc  _ldexpf                         
0     00009000  _main                           
0     00009cdf  _memcpy                         
1     0000c001  _overcurrent                    
1     0000c03c  _overcurrent_limit              
1     0000c02c  _potencia                       
1     0000c028  _potenciaReal                   
1     0000c038  _potenciaTotal                  
0     0000949f  _pow                            
0     0000949f  _powf                           
1     0000c05a  _pwm1                           
1     0000c024  _qCurrent                       
1     0000c026  _qVoltage                       
0     000092ad  _rampaVF                        
0     00009160  _readAndProcessADCValues        
0     00009afc  _scalbn                         
0     00009afc  _scalbnf                        
0     00009bbf  _sin                            
0     00009bbf  _sinf                           
0     00009c96  _sqrt                           
0     00009c96  _sqrtf                          
1     0000c004  _stage                          
1     0000c020  _tensionMax                     
1     0000c006  _test                           
1     0000c00a  _tiempoInterrupcion             
1     0000c034  _velocidad                      
1     0000c02a  _vhz1                           
1     0000c048  _voltage                        
abs   ffffffff  binit                           
0     00008000  cinit                           
0     00009d3d  etext                           
abs   ffffffff  pinit                           


GLOBAL SYMBOLS: SORTED BY Symbol Address 

page  address   name                            
----  -------   ----                            
0     00008000  ___cinit__                      
0     00008000  cinit                           
0     00008148  _DSP28x_usDelay                 
0     00009000  .text                           
0     00009000  ___text__                       
0     00009000  _main                           
0     0000901e  _InitPWM                        
0     00009098  _InitADC                        
0     000090d9  _ConfigInterrupts               
0     000090f0  _initCustomVariables            
0     00009160  _readAndProcessADCValues        
0     000092ad  _rampaVF                        
0     000092f8  _SinusoidalModulation           
0     000093ec  _current_protection             
0     00009440  _BackgroundLoop1                
0     00009459  _HVDMC_Protection               
0     0000949f  _pow                            
0     0000949f  _powf                           
0     0000981f  _DeviceInit                     
0     0000995e  _WDogDisable                    
0     00009966  _PLLset                         
0     00009989  _PieCntlInit                    
0     000099a8  _PieVectTableInit               
0     000099c7  _MainISR                        
0     00009a74  FS$$DIV                         
0     00009afc  _ldexp                          
0     00009afc  _ldexpf                         
0     00009afc  _scalbn                         
0     00009afc  _scalbnf                        
0     00009b5e  _cos                            
0     00009b5e  _cosf                           
0     00009bbf  _sin                            
0     00009bbf  _sinf                           
0     00009c17  _c_int00                        
0     00009c6d  C$$EXIT                         
0     00009c6d  _abort                          
0     00009c6f  _exit                           
0     00009c96  _sqrt                           
0     00009c96  _sqrtf                          
0     00009cbb  _copy_in                        
0     00009cdf  _memcpy                         
0     00009cfd  __args_main                     
0     00009d16  _copysign                       
0     00009d16  _copysignf                      
0     00009d27  _ISR_ILLEGAL                    
0     00009d31  __register_unlock               
0     00009d35  __register_lock                 
0     00009d39  __nop                           
0     00009d3a  __system_pre_init               
0     00009d3c  __system_post_cinit             
0     00009d3d  ___etext__                      
0     00009d3d  etext                           
0     00380080  _ADC_cal                        
1     00000400  __stack                         
1     00000780  __STACK_END                     
1     00000880  _DevEmuRegs                     
1     00000a80  _FlashRegs                      
1     00000ae0  _CsmRegs                        
1     00000b00  _AdcMirror                      
1     00000b20  _XintfRegs                      
1     00000c00  _CpuTimer0Regs                  
1     00000c08  _CpuTimer1Regs                  
1     00000c10  _CpuTimer2Regs                  
1     00000ce0  _PieCtrlRegs                    
1     00000d00  _PieVectTable                   
1     00001000  _DmaRegs                        
1     00005000  _McbspaRegs                     
1     00005040  _McbspbRegs                     
1     00006000  _ECanaRegs                      
1     00006040  _ECanaLAMRegs                   
1     00006080  _ECanaMOTSRegs                  
1     000060c0  _ECanaMOTORegs                  
1     00006100  _ECanaMboxes                    
1     00006200  _ECanbRegs                      
1     00006240  _ECanbLAMRegs                   
1     00006280  _ECanbMOTSRegs                  
1     000062c0  _ECanbMOTORegs                  
1     00006300  _ECanbMboxes                    
1     00006800  _EPwm1Regs                      
1     00006840  _EPwm2Regs                      
1     00006880  _EPwm3Regs                      
1     000068c0  _EPwm4Regs                      
1     00006900  _EPwm5Regs                      
1     00006940  _EPwm6Regs                      
1     00006a00  _ECap1Regs                      
1     00006a20  _ECap2Regs                      
1     00006a40  _ECap3Regs                      
1     00006a60  _ECap4Regs                      
1     00006a80  _ECap5Regs                      
1     00006aa0  _ECap6Regs                      
1     00006b00  _EQep1Regs                      
1     00006b40  _EQep2Regs                      
1     00006f80  _GpioCtrlRegs                   
1     00006fc0  _GpioDataRegs                   
1     00006fe0  _GpioIntRegs                    
1     00007010  _SysCtrlRegs                    
1     00007040  _SpiaRegs                       
1     00007050  _SciaRegs                       
1     00007070  _XIntruptRegs                   
1     00007100  _AdcRegs                        
1     00007750  _ScibRegs                       
1     00007770  _ScicRegs                       
1     00007900  _I2caRegs                       
1     0000c000  _BackTicker                     
1     0000c001  _overcurrent                    
1     0000c002  _EnableFlag                     
1     0000c003  _TripFlagDMC                    
1     0000c004  _stage                          
1     0000c006  _test                           
1     0000c008  _T                              
1     0000c00a  _tiempoInterrupcion             
1     0000c00c  _freq                           
1     0000c00e  _IsrTicker                      
1     0000c010  _fondo_ADC_negativo             
1     0000c012  _NBITS                          
1     0000c014  _fondo_ADC_positivo             
1     0000c016  _fondo_tension_negativo         
1     0000c018  _OFFSET                         
1     0000c01a  _SpeedRef                       
1     0000c01c  _KC                             
1     0000c01e  _FREQFUNDAMENTAL                
1     0000c020  _tensionMax                     
1     0000c022  _corrienteMax                   
1     0000c024  _qCurrent                       
1     0000c026  _qVoltage                       
1     0000c028  _potenciaReal                   
1     0000c02a  _vhz1                           
1     0000c02c  _potencia                       
1     0000c02e  _RAMPA                          
1     0000c030  _integral                       
1     0000c032  _PI_Num                         
1     0000c034  _velocidad                      
1     0000c036  _busVoltage                     
1     0000c038  _potenciaTotal                  
1     0000c03a  _RelacionVF                     
1     0000c03c  _overcurrent_limit              
1     0000c03e  _Vmotor                         
1     0000c040  _fondo_corriente_negativo       
1     0000c042  _fondo_tension_positivo         
1     0000c044  _fondo_corriente_positivo       
1     0000c046  _Vdc                            
1     0000c048  _voltage                        
1     0000c04e  _eQEP                           
1     0000c054  _current                        
1     0000c05a  _pwm1                           
1     0000c064  _eCAP                           
1     0000c072  _ePWM                           
1     0000c080  _ADCCONV                        
1     0000c08f  _TrigSel                        
1     0000c09f  _ACQPS                          
1     0000c0af  _ChSel                          
1     0000c0bf  _errno                          
1     0000c0c0  ___TI_enable_exit_profile_output
1     0000c0c2  ___TI_cleanup_ptr               
1     0000c0c4  ___TI_dtors_ptr                 
1     0000c0c6  __lock                          
1     0000c0c8  __unlock                        
1     0033fff8  _CsmPwl                         
1     00380090  _PartIdRegs                     
abs   00000380  __STACK_SIZE                    
abs   ffffffff  ___TI_pprof_out_hndl            
abs   ffffffff  ___TI_prof_data_size            
abs   ffffffff  ___TI_prof_data_start           
abs   ffffffff  ___binit__                      
abs   ffffffff  ___c_args__                     
abs   ffffffff  ___pinit__                      
abs   ffffffff  binit                           
abs   ffffffff  pinit                           

[168 symbols]
